// Jest Snapshot v1, https://goo.gl/fbAQLP

exports[`Test select input element Renders Weather App 1`] = `ReactWrapper {}`;
